id,Partner name,Partner Key,City,Post Code,Partner Class
p_partner_key_n,"Thamm, Maria, Mrs.","0043013259",,,FAMILY
