<?xml version="1.0"?>
<Parameters>
  <Parameter id="ColumnAlign" column="0" value="eString:left" />
  <Parameter id="ColumnAlign" column="1" value="eString:left" />
  <Parameter id="ColumnAlign" column="2" value="eString:left" />
  <Parameter id="ColumnAlign" column="3" value="eString:left" />
  <Parameter id="ColumnAlign" column="4" value="eString:left" />
  <Parameter id="ColumnAlign" column="5" value="eString:left" />
  <Parameter id="ColumnAlign" column="6" value="eString:left" />
  <Parameter id="ColumnAlign" column="7" value="eString:left" />
  <Parameter id="ColumnAlign" column="8" value="eString:left" />
  <Parameter id="ColumnCaption" column="0" value="eString:text:Partner Key" />
  <Parameter id="ColumnCaption" column="1" value="eString:text:Class" />
  <Parameter id="ColumnCaption" column="2" value="eString:text:Partner name" />
  <Parameter id="ColumnCaption" column="3" value="eString:text:Street Name" />
  <Parameter id="ColumnCaption" column="4" value="eString:text:Post Code" />
  <Parameter id="ColumnCaption" column="5" value="eString:text:City" />
  <Parameter id="ColumnCaption" column="6" value="eString:text:Country" />
  <Parameter id="ColumnCaption" column="7" value="eString:text:Primary Phone" />
  <Parameter id="ColumnCaption" column="8" value="eString:text:Field" />
  <Parameter id="ColumnFormat" column="0" value="eString:partnerkey" />
  <Parameter id="ColumnFormat" column="1" value="eString:text" />
  <Parameter id="ColumnFormat" column="2" value="eString:text" />
  <Parameter id="ColumnFormat" column="3" value="eString:text" />
  <Parameter id="ColumnFormat" column="4" value="eString:text" />
  <Parameter id="ColumnFormat" column="5" value="eString:text" />
  <Parameter id="ColumnFormat" column="6" value="eString:text" />
  <Parameter id="ColumnFormat" column="7" value="eString:text" />
  <Parameter id="ColumnFormat" column="8" value="eString:text" />
  <Parameter id="ColumnFormat" column="9" value="eString:text" />
  <Parameter id="ColumnFormat" column="10" value="eString:text" />
  <Parameter id="ColumnFormat" column="11" value="eString:formatteddate" />
  <Parameter id="ColumnPosition" column="0" value="eDecimal:0" />
  <Parameter id="ColumnPosition" column="1" value="eDecimal:4611686018427387904" />
  <Parameter id="ColumnPosition" column="2" value="eDecimal:4613937818241073152" />
  <Parameter id="ColumnPosition" column="3" value="eDecimal:4619004367821864960" />
  <Parameter id="ColumnPosition" column="4" value="eDecimal:4621537642612260864" />
  <Parameter id="ColumnPosition" column="5" value="eDecimal:4622382067542392832" />
  <Parameter id="ColumnPosition" column="6" value="eDecimal:4624070917402656768" />
  <Parameter id="ColumnPosition" column="7" value="eDecimal:4624915342332788736" />
  <Parameter id="ColumnPosition" column="8" value="eDecimal:4625984947244289229" />
  <Parameter id="ColumnWidth" column="0" value="eInteger:2" />
  <Parameter id="ColumnWidth" column="1" value="eInteger:1" />
  <Parameter id="ColumnWidth" column="2" value="eDecimal:4615063718147915776" />
  <Parameter id="ColumnWidth" column="3" value="eInteger:3" />
  <Parameter id="ColumnWidth" column="4" value="eDecimal:4609434218613702656" />
  <Parameter id="ColumnWidth" column="5" value="eInteger:3" />
  <Parameter id="ColumnWidth" column="6" value="eDecimal:4609434218613702656" />
  <Parameter id="ColumnWidth" column="7" value="eDecimal:4614613358185178726" />
  <Parameter id="ColumnWidth" column="8" value="eInteger:2" />
  <Parameter id="ControlSource" column="100" value="eString:Partner By Special Types" />
  <Parameter id="ControlSource" column="101" value="eString:Germany" />
  <Parameter id="ControlSource" column="104" value="eString:&quot;Only special types: LEDGER&quot;" />
  <Parameter id="ControlSource" column="105" value="eEmpty:" />
  <Parameter id="ControlSource" column="106" value="eString:&quot;Sorted by: Partner Name, Address Type, Address valid from&quot;" />
  <Parameter id="currentReport" value="eString:Partner By Special Type" />
  <Parameter id="IsolationLevel" value="eString:serializable" />
  <Parameter id="lowestLevel" level="-2" value="eInteger:1" />
  <Parameter id="MaxDisplayColumns" value="eInteger:9" />
  <Parameter id="orderby0" value="eString:Partner Name" />
  <Parameter id="orderby1" value="eString:Address Type" />
  <Parameter id="orderby2" value="eString:Address valid from" />
  <Parameter id="param_active" value="eBoolean:true" />
  <Parameter id="param_address_end_from" value="eEmpty:" />
  <Parameter id="param_address_end_to" value="eEmpty:" />
  <Parameter id="param_address_start_from" value="eEmpty:" />
  <Parameter id="param_address_start_to" value="eEmpty:" />
  <Parameter id="param_calculation" column="0" value="eString:Partner Key" />
  <Parameter id="param_calculation" column="1" value="eString:Partner Class" />
  <Parameter id="param_calculation" column="2" value="eString:Partner Name" />
  <Parameter id="param_calculation" column="3" value="eString:Street Name" />
  <Parameter id="param_calculation" column="4" value="eString:Post Code" />
  <Parameter id="param_calculation" column="5" value="eString:City" />
  <Parameter id="param_calculation" column="6" value="eString:Country" />
  <Parameter id="param_calculation" column="7" value="eString:Primary Phone" />
  <Parameter id="param_calculation" column="8" value="eString:Field" />
  <Parameter id="param_calculation" column="9" value="eString:Partner Name" />
  <Parameter id="param_calculation" column="10" value="eString:Address Type" />
  <Parameter id="param_calculation" column="11" value="eString:Address valid from" />
  <Parameter id="param_city" value="eString:" />
  <Parameter id="param_country" value="eString:" />
  <Parameter id="param_county" value="eString:" />
  <Parameter id="param_date_set" value="eString:" />
  <Parameter id="param_detail_report_0" value="eString:&quot;&quot;&quot;Open &quot;&quot;&quot;&quot;Partner Key&quot;&quot;&quot;&quot; in Partner Edit Screen&quot;&quot;,PartnerEditScreen,0&quot;" />
  <Parameter id="param_exclude_no_solicitations" value="eBoolean:false" />
  <Parameter id="param_exclude_specialtypes" value="eString:" />
  <Parameter id="param_excludeNoSolicitations" value="eBoolean:true" />
  <Parameter id="param_explicit_specialtypes" value="eString:LEDGER" />
  <Parameter id="param_families_only" value="eBoolean:false" />
  <Parameter id="param_familiesOnly" value="eBoolean:false" />
  <Parameter id="param_mailing_addresses_only" value="eBoolean:false" />
  <Parameter id="param_mailingAddressesOnly" value="eBoolean:true" />
  <Parameter id="param_only_addresses_valid_on" value="eBoolean:false" />
  <Parameter id="param_postcode_from" value="eString:" />
  <Parameter id="param_postcode_to" value="eString:" />
  <Parameter id="param_region" value="eString:" />
  <Parameter id="param_sortby_columns" value="eString:9,10,11" />
  <Parameter id="param_sortby_readable" value="eString:Partner Name, Address Type, Address valid from" />
  <Parameter id="param_ytd" column="0" value="eBoolean:false" />
  <Parameter id="param_ytd" column="1" value="eBoolean:false" />
  <Parameter id="param_ytd" column="2" value="eBoolean:false" />
  <Parameter id="param_ytd" column="3" value="eBoolean:false" />
  <Parameter id="param_ytd" column="4" value="eBoolean:false" />
  <Parameter id="param_ytd" column="5" value="eBoolean:false" />
  <Parameter id="param_ytd" column="6" value="eBoolean:false" />
  <Parameter id="param_ytd" column="7" value="eBoolean:false" />
  <Parameter id="param_ytd" column="8" value="eBoolean:false" />
  <Parameter id="ReportWidth" value="eDecimal:4626547897197710541" />
  <Parameter id="xmlfiles" value="eString:Partner/partnerbyspecialtype.xml" />
</Parameters>