<html>
<head>
<meta charset="utf-8">
<title>OpenPetra Reports</title>
<link href="/css/report.css" rel="stylesheet">
</head>

<body>

<div id="head">
	<div class="title1" style='visibility:hidden'>Account Detail with Analysis Attributes</div>
	<div class="title1" style='visibility:hidden'>Account Detail</div>
	<div class="title2">[getLedgerName(43)]</div>
	<div class="descr1"><!-- TODO --></div>
	<div class="descr2"><!-- TODO --></div>
	<div class="descr3"><!-- TODO --></div>
	<div class="period1"><!-- TODO --></div>

	<div class="period2">
		<div style='visibility:hidden'>Reference: All references</div>
		<div style='visibility:hidden'>Reference:  to </div>
		<div style='visibility:hidden'>Analysis Attributes: All Analysis Attributes</div>
		<div style='visibility:hidden'>Analysis Attributes:  to </div>
		<div style='visibility:hidden'>Cost Centre: 10100 To 10500</div>
		<div style='visibility:hidden'>Cost Centres: *NOTUSED*</div>
	</div>
	<div class="period3"><!-- TODO --></div>
</div>





<div id="column_headings" class="row">
	<div class="col-2">Transaction Date</div>
	<div class="col-2">Reference</div>
	<div class="col-4">Narrative</div>
	<div class="col-1">Debit</div>
	<div class="col-1">Credit</div>
	<div class="col-2">End Balance</div>
</div>
<div class="row">
	<div class="col-12">
		<hr>
	</div>
</div>
<div id="content">
	
<div id="acccc0">
		<div class="header row">
			<div class="header1 col-4"><strong>10100-0100</strong></div>
			<div class="header2 col-8"><strong>GUYANA, Support Gifts: Local</strong></div>
		</div>
		
		<div id="trans0" class="row">
			<div class="col-2 date">2019-01-09</div>
			<div class="col-2">GB9</div>
			<div class="col-4">GB - Gift Batch 9</div>
			<div class="col-1 currency"></div>
			<div class="col-1 currency">144.00</div>
		</div><div id="trans1" class="row">
			<div class="col-2 date">2019-01-11</div>
			<div class="col-2">GB11</div>
			<div class="col-4">GB - Gift Batch 11</div>
			<div class="col-1 currency"></div>
			<div class="col-1 currency">324.00</div>
		</div><div id="trans2" class="row">
			<div class="col-2 date">2019-01-13</div>
			<div class="col-2">GB13</div>
			<div class="col-4">GB - Gift Batch 13</div>
			<div class="col-1 currency"></div>
			<div class="col-1 currency">555.00</div>
		</div><div id="trans3" class="row">
			<div class="col-2 date">2019-01-14</div>
			<div class="col-2">GB14</div>
			<div class="col-4">GB - Gift Batch 14</div>
			<div class="col-1 currency"></div>
			<div class="col-1 currency">179.00</div>
		</div><div id="trans4" class="row">
			<div class="col-2 date">2019-01-18</div>
			<div class="col-2">GB18</div>
			<div class="col-4">GB - Gift Batch 18</div>
			<div class="col-1 currency"></div>
			<div class="col-1 currency">100.00</div>
		</div><div id="trans5" class="row">
			<div class="col-2 date">2019-01-20</div>
			<div class="col-2">GB20</div>
			<div class="col-4">GB - Gift Batch 20</div>
			<div class="col-1 currency"></div>
			<div class="col-1 currency">242.00</div>
		</div><div id="trans6" class="row">
			<div class="col-2 date">2019-01-21</div>
			<div class="col-2">GB21</div>
			<div class="col-4">GB - Gift Batch 21</div>
			<div class="col-1 currency"></div>
			<div class="col-1 currency">83.00</div>
		</div><div id="trans7" class="row">
			<div class="col-2 date">2019-01-23</div>
			<div class="col-2">GB23</div>
			<div class="col-4">GB - Gift Batch 23</div>
			<div class="col-1 currency"></div>
			<div class="col-1 currency">241.00</div>
		</div><div id="trans8" class="row">
			<div class="col-2 date">2019-01-25</div>
			<div class="col-2">GB25</div>
			<div class="col-4">GB - Gift Batch 25</div>
			<div class="col-1 currency"></div>
			<div class="col-1 currency">112.00</div>
		</div><div id="trans9" class="row">
			<div class="col-2 date">2019-01-29</div>
			<div class="col-2">GB29</div>
			<div class="col-4">GB - Gift Batch 29</div>
			<div class="col-1 currency"></div>
			<div class="col-1 currency">433.00</div>
		</div><div class="footer row">
			<div class="col-2">Net Balance:</div>
			<div class="col-2">&nbsp;</div>
			<div class="col-4">&nbsp;</div>
			<div class="col-1 currency">0.00</div>
			<div class="col-1 currency">2413.00</div>
			<div class="col-2 currency">30939.00</div>
		</div>
		<div class="row">
			<div class="col-12">
				<hr>
			</div>
		</div>
	</div><div id="acccc1">
		<div class="header row">
			<div class="header1 col-4"><strong>10200-0100</strong></div>
			<div class="header2 col-8"><strong>NIGERIA, Support Gifts: Local</strong></div>
		</div>
		
		<div id="trans10" class="row">
			<div class="col-2 date">2019-01-01</div>
			<div class="col-2">GB1</div>
			<div class="col-4">GB - Gift Batch 1</div>
			<div class="col-1 currency"></div>
			<div class="col-1 currency">641.00</div>
		</div><div id="trans11" class="row">
			<div class="col-2 date">2019-01-02</div>
			<div class="col-2">GB2</div>
			<div class="col-4">GB - Gift Batch 2</div>
			<div class="col-1 currency"></div>
			<div class="col-1 currency">438.00</div>
		</div><div id="trans12" class="row">
			<div class="col-2 date">2019-01-03</div>
			<div class="col-2">GB3</div>
			<div class="col-4">GB - Gift Batch 3</div>
			<div class="col-1 currency"></div>
			<div class="col-1 currency">558.00</div>
		</div><div id="trans13" class="row">
			<div class="col-2 date">2019-01-05</div>
			<div class="col-2">GB5</div>
			<div class="col-4">GB - Gift Batch 5</div>
			<div class="col-1 currency"></div>
			<div class="col-1 currency">220.00</div>
		</div><div id="trans14" class="row">
			<div class="col-2 date">2019-01-06</div>
			<div class="col-2">GB6</div>
			<div class="col-4">GB - Gift Batch 6</div>
			<div class="col-1 currency"></div>
			<div class="col-1 currency">243.00</div>
		</div><div id="trans15" class="row">
			<div class="col-2 date">2019-01-07</div>
			<div class="col-2">GB7</div>
			<div class="col-4">GB - Gift Batch 7</div>
			<div class="col-1 currency"></div>
			<div class="col-1 currency">121.00</div>
		</div><div id="trans16" class="row">
			<div class="col-2 date">2019-01-08</div>
			<div class="col-2">GB8</div>
			<div class="col-4">GB - Gift Batch 8</div>
			<div class="col-1 currency"></div>
			<div class="col-1 currency">192.00</div>
		</div><div id="trans17" class="row">
			<div class="col-2 date">2019-01-09</div>
			<div class="col-2">GB9</div>
			<div class="col-4">GB - Gift Batch 9</div>
			<div class="col-1 currency"></div>
			<div class="col-1 currency">463.00</div>
		</div><div id="trans18" class="row">
			<div class="col-2 date">2019-01-10</div>
			<div class="col-2">GB10</div>
			<div class="col-4">GB - Gift Batch 10</div>
			<div class="col-1 currency"></div>
			<div class="col-1 currency">15.00</div>
		</div><div id="trans19" class="row">
			<div class="col-2 date">2019-01-13</div>
			<div class="col-2">GB13</div>
			<div class="col-4">GB - Gift Batch 13</div>
			<div class="col-1 currency"></div>
			<div class="col-1 currency">398.00</div>
		</div><div id="trans20" class="row">
			<div class="col-2 date">2019-01-14</div>
			<div class="col-2">GB14</div>
			<div class="col-4">GB - Gift Batch 14</div>
			<div class="col-1 currency"></div>
			<div class="col-1 currency">84.00</div>
		</div><div id="trans21" class="row">
			<div class="col-2 date">2019-01-15</div>
			<div class="col-2">GB15</div>
			<div class="col-4">GB - Gift Batch 15</div>
			<div class="col-1 currency"></div>
			<div class="col-1 currency">81.00</div>
		</div><div id="trans22" class="row">
			<div class="col-2 date">2019-01-16</div>
			<div class="col-2">GB16</div>
			<div class="col-4">GB - Gift Batch 16</div>
			<div class="col-1 currency"></div>
			<div class="col-1 currency">931.00</div>
		</div><div id="trans23" class="row">
			<div class="col-2 date">2019-01-17</div>
			<div class="col-2">GB17</div>
			<div class="col-4">GB - Gift Batch 17</div>
			<div class="col-1 currency"></div>
			<div class="col-1 currency">547.00</div>
		</div><div id="trans24" class="row">
			<div class="col-2 date">2019-01-19</div>
			<div class="col-2">GB19</div>
			<div class="col-4">GB - Gift Batch 19</div>
			<div class="col-1 currency"></div>
			<div class="col-1 currency">305.00</div>
		</div><div id="trans25" class="row">
			<div class="col-2 date">2019-01-22</div>
			<div class="col-2">GB22</div>
			<div class="col-4">GB - Gift Batch 22</div>
			<div class="col-1 currency"></div>
			<div class="col-1 currency">349.00</div>
		</div><div id="trans26" class="row">
			<div class="col-2 date">2019-01-26</div>
			<div class="col-2">GB26</div>
			<div class="col-4">GB - Gift Batch 26</div>
			<div class="col-1 currency"></div>
			<div class="col-1 currency">747.00</div>
		</div><div id="trans27" class="row">
			<div class="col-2 date">2019-01-27</div>
			<div class="col-2">GB27</div>
			<div class="col-4">GB - Gift Batch 27</div>
			<div class="col-1 currency"></div>
			<div class="col-1 currency">439.00</div>
		</div><div id="trans28" class="row">
			<div class="col-2 date">2019-01-29</div>
			<div class="col-2">GB29</div>
			<div class="col-4">GB - Gift Batch 29</div>
			<div class="col-1 currency"></div>
			<div class="col-1 currency">455.00</div>
		</div><div class="footer row">
			<div class="col-2">Net Balance:</div>
			<div class="col-2">&nbsp;</div>
			<div class="col-4">&nbsp;</div>
			<div class="col-1 currency">0.00</div>
			<div class="col-1 currency">7227.00</div>
			<div class="col-2 currency">121885.00</div>
		</div>
		<div class="row">
			<div class="col-12">
				<hr>
			</div>
		</div>
	</div><div id="acccc2">
		<div class="header row">
			<div class="header1 col-4"><strong>10300-0100</strong></div>
			<div class="header2 col-8"><strong>CAMBODIA, Support Gifts: Local</strong></div>
		</div>
		
		<div id="trans29" class="row">
			<div class="col-2 date">2019-01-03</div>
			<div class="col-2">GB3</div>
			<div class="col-4">GB - Gift Batch 3</div>
			<div class="col-1 currency"></div>
			<div class="col-1 currency">436.00</div>
		</div><div id="trans30" class="row">
			<div class="col-2 date">2019-01-05</div>
			<div class="col-2">GB5</div>
			<div class="col-4">GB - Gift Batch 5</div>
			<div class="col-1 currency"></div>
			<div class="col-1 currency">308.00</div>
		</div><div id="trans31" class="row">
			<div class="col-2 date">2019-01-07</div>
			<div class="col-2">GB7</div>
			<div class="col-4">GB - Gift Batch 7</div>
			<div class="col-1 currency"></div>
			<div class="col-1 currency">163.00</div>
		</div><div id="trans32" class="row">
			<div class="col-2 date">2019-01-09</div>
			<div class="col-2">GB9</div>
			<div class="col-4">GB - Gift Batch 9</div>
			<div class="col-1 currency"></div>
			<div class="col-1 currency">80.00</div>
		</div><div id="trans33" class="row">
			<div class="col-2 date">2019-01-12</div>
			<div class="col-2">GB12</div>
			<div class="col-4">GB - Gift Batch 12</div>
			<div class="col-1 currency"></div>
			<div class="col-1 currency">476.00</div>
		</div><div id="trans34" class="row">
			<div class="col-2 date">2019-01-13</div>
			<div class="col-2">GB13</div>
			<div class="col-4">GB - Gift Batch 13</div>
			<div class="col-1 currency"></div>
			<div class="col-1 currency">322.00</div>
		</div><div id="trans35" class="row">
			<div class="col-2 date">2019-01-14</div>
			<div class="col-2">GB14</div>
			<div class="col-4">GB - Gift Batch 14</div>
			<div class="col-1 currency"></div>
			<div class="col-1 currency">322.00</div>
		</div><div id="trans36" class="row">
			<div class="col-2 date">2019-01-24</div>
			<div class="col-2">GB24</div>
			<div class="col-4">GB - Gift Batch 24</div>
			<div class="col-1 currency"></div>
			<div class="col-1 currency">140.00</div>
		</div><div class="footer row">
			<div class="col-2">Net Balance:</div>
			<div class="col-2">&nbsp;</div>
			<div class="col-4">&nbsp;</div>
			<div class="col-1 currency">0.00</div>
			<div class="col-1 currency">2247.00</div>
			<div class="col-2 currency">47182.00</div>
		</div>
		<div class="row">
			<div class="col-12">
				<hr>
			</div>
		</div>
	</div><div id="acccc3">
		<div class="header row">
			<div class="header1 col-4"><strong>10400-0100</strong></div>
			<div class="header2 col-8"><strong>EL SALVADOR, Support Gifts: Local</strong></div>
		</div>
		
		<div id="trans37" class="row">
			<div class="col-2 date">2019-01-02</div>
			<div class="col-2">GB2</div>
			<div class="col-4">GB - Gift Batch 2</div>
			<div class="col-1 currency"></div>
			<div class="col-1 currency">215.00</div>
		</div><div id="trans38" class="row">
			<div class="col-2 date">2019-01-03</div>
			<div class="col-2">GB3</div>
			<div class="col-4">GB - Gift Batch 3</div>
			<div class="col-1 currency"></div>
			<div class="col-1 currency">184.00</div>
		</div><div id="trans39" class="row">
			<div class="col-2 date">2019-01-06</div>
			<div class="col-2">GB6</div>
			<div class="col-4">GB - Gift Batch 6</div>
			<div class="col-1 currency"></div>
			<div class="col-1 currency">198.00</div>
		</div><div id="trans40" class="row">
			<div class="col-2 date">2019-01-13</div>
			<div class="col-2">GB13</div>
			<div class="col-4">GB - Gift Batch 13</div>
			<div class="col-1 currency"></div>
			<div class="col-1 currency">291.00</div>
		</div><div id="trans41" class="row">
			<div class="col-2 date">2019-01-16</div>
			<div class="col-2">GB16</div>
			<div class="col-4">GB - Gift Batch 16</div>
			<div class="col-1 currency"></div>
			<div class="col-1 currency">177.00</div>
		</div><div id="trans42" class="row">
			<div class="col-2 date">2019-01-17</div>
			<div class="col-2">GB17</div>
			<div class="col-4">GB - Gift Batch 17</div>
			<div class="col-1 currency"></div>
			<div class="col-1 currency">241.00</div>
		</div><div id="trans43" class="row">
			<div class="col-2 date">2019-01-18</div>
			<div class="col-2">GB18</div>
			<div class="col-4">GB - Gift Batch 18</div>
			<div class="col-1 currency"></div>
			<div class="col-1 currency">945.00</div>
		</div><div id="trans44" class="row">
			<div class="col-2 date">2019-01-21</div>
			<div class="col-2">GB21</div>
			<div class="col-4">GB - Gift Batch 21</div>
			<div class="col-1 currency"></div>
			<div class="col-1 currency">179.00</div>
		</div><div id="trans45" class="row">
			<div class="col-2 date">2019-01-22</div>
			<div class="col-2">GB22</div>
			<div class="col-4">GB - Gift Batch 22</div>
			<div class="col-1 currency"></div>
			<div class="col-1 currency">308.00</div>
		</div><div id="trans46" class="row">
			<div class="col-2 date">2019-01-24</div>
			<div class="col-2">GB24</div>
			<div class="col-4">GB - Gift Batch 24</div>
			<div class="col-1 currency"></div>
			<div class="col-1 currency">464.00</div>
		</div><div id="trans47" class="row">
			<div class="col-2 date">2019-01-25</div>
			<div class="col-2">GB25</div>
			<div class="col-4">GB - Gift Batch 25</div>
			<div class="col-1 currency"></div>
			<div class="col-1 currency">186.00</div>
		</div><div id="trans48" class="row">
			<div class="col-2 date">2019-01-26</div>
			<div class="col-2">GB26</div>
			<div class="col-4">GB - Gift Batch 26</div>
			<div class="col-1 currency"></div>
			<div class="col-1 currency">55.00</div>
		</div><div id="trans49" class="row">
			<div class="col-2 date">2019-01-27</div>
			<div class="col-2">GB27</div>
			<div class="col-4">GB - Gift Batch 27</div>
			<div class="col-1 currency"></div>
			<div class="col-1 currency">468.00</div>
		</div><div id="trans50" class="row">
			<div class="col-2 date">2019-01-28</div>
			<div class="col-2">GB28</div>
			<div class="col-4">GB - Gift Batch 28</div>
			<div class="col-1 currency"></div>
			<div class="col-1 currency">178.00</div>
		</div><div id="trans51" class="row">
			<div class="col-2 date">2019-01-29</div>
			<div class="col-2">GB29</div>
			<div class="col-4">GB - Gift Batch 29</div>
			<div class="col-1 currency"></div>
			<div class="col-1 currency">446.00</div>
		</div><div id="trans52" class="row">
			<div class="col-2 date">2019-01-30</div>
			<div class="col-2">GB30</div>
			<div class="col-4">GB - Gift Batch 30</div>
			<div class="col-1 currency"></div>
			<div class="col-1 currency">293.00</div>
		</div><div class="footer row">
			<div class="col-2">Net Balance:</div>
			<div class="col-2">&nbsp;</div>
			<div class="col-4">&nbsp;</div>
			<div class="col-1 currency">0.00</div>
			<div class="col-1 currency">4828.00</div>
			<div class="col-2 currency">52681.00</div>
		</div>
		<div class="row">
			<div class="col-12">
				<hr>
			</div>
		</div>
	</div><div id="acccc4">
		<div class="header row">
			<div class="header1 col-4"><strong>10500-0100</strong></div>
			<div class="header2 col-8"><strong>TUNISIA, Support Gifts: Local</strong></div>
		</div>
		
		<div id="trans53" class="row">
			<div class="col-2 date">2019-01-02</div>
			<div class="col-2">GB2</div>
			<div class="col-4">GB - Gift Batch 2</div>
			<div class="col-1 currency"></div>
			<div class="col-1 currency">73.00</div>
		</div><div id="trans54" class="row">
			<div class="col-2 date">2019-01-03</div>
			<div class="col-2">GB3</div>
			<div class="col-4">GB - Gift Batch 3</div>
			<div class="col-1 currency"></div>
			<div class="col-1 currency">65.00</div>
		</div><div id="trans55" class="row">
			<div class="col-2 date">2019-01-11</div>
			<div class="col-2">GB11</div>
			<div class="col-4">GB - Gift Batch 11</div>
			<div class="col-1 currency"></div>
			<div class="col-1 currency">80.00</div>
		</div><div id="trans56" class="row">
			<div class="col-2 date">2019-01-14</div>
			<div class="col-2">GB14</div>
			<div class="col-4">GB - Gift Batch 14</div>
			<div class="col-1 currency"></div>
			<div class="col-1 currency">194.00</div>
		</div><div id="trans57" class="row">
			<div class="col-2 date">2019-01-16</div>
			<div class="col-2">GB16</div>
			<div class="col-4">GB - Gift Batch 16</div>
			<div class="col-1 currency"></div>
			<div class="col-1 currency">683.00</div>
		</div><div id="trans58" class="row">
			<div class="col-2 date">2019-01-24</div>
			<div class="col-2">GB24</div>
			<div class="col-4">GB - Gift Batch 24</div>
			<div class="col-1 currency"></div>
			<div class="col-1 currency">387.00</div>
		</div><div id="trans59" class="row">
			<div class="col-2 date">2019-01-25</div>
			<div class="col-2">GB25</div>
			<div class="col-4">GB - Gift Batch 25</div>
			<div class="col-1 currency"></div>
			<div class="col-1 currency">278.00</div>
		</div><div id="trans60" class="row">
			<div class="col-2 date">2019-01-26</div>
			<div class="col-2">GB26</div>
			<div class="col-4">GB - Gift Batch 26</div>
			<div class="col-1 currency"></div>
			<div class="col-1 currency">69.00</div>
		</div><div id="trans61" class="row">
			<div class="col-2 date">2019-01-28</div>
			<div class="col-2">GB28</div>
			<div class="col-4">GB - Gift Batch 28</div>
			<div class="col-1 currency"></div>
			<div class="col-1 currency">348.00</div>
		</div><div class="footer row">
			<div class="col-2">Net Balance:</div>
			<div class="col-2">&nbsp;</div>
			<div class="col-4">&nbsp;</div>
			<div class="col-1 currency">0.00</div>
			<div class="col-1 currency">2177.00</div>
			<div class="col-2 currency">24846.00</div>
		</div>
		<div class="row">
			<div class="col-12">
				<hr>
			</div>
		</div>
	</div></div>

</body>
</html>
