<?xml version="1.0"?>
<Parameters>
  <Parameter id="ColumnAlign" column="0" value="eString:left" />
  <Parameter id="ColumnAlign" column="1" value="eString:left" />
  <Parameter id="ColumnAlign" column="2" value="eString:right" />
  <Parameter id="ColumnAlign" column="3" value="eString:right" />
  <Parameter id="ColumnAlign" column="4" value="eString:left" />
  <Parameter id="ColumnAlign" column="5" value="eString:left" />
  <Parameter id="ColumnAlign" column="6" value="eString:left" />
  <Parameter id="ColumnAlign" column="104" value="eString:right" />
  <Parameter id="ColumnAlign" column="105" value="eString:right" />
  <Parameter id="ColumnAlign" column="-10" level="1" subreport="0" value="eString:left" />
  <Parameter id="ColumnAlign" column="-10" level="2" subreport="0" value="eString:left" />
  <Parameter id="ColumnAlign" column="-10" level="3" subreport="0" value="eString:right" />
  <Parameter id="ColumnAlign" column="-10" level="4" subreport="0" value="eString:right" />
  <Parameter id="ColumnAlign" column="-10" level="5" subreport="0" value="eString:right" />
  <Parameter id="ColumnAlign" column="-14" level="6" subreport="0" value="eString:left" />
  <Parameter id="ColumnAlign" column="-10" level="6" subreport="0" value="eString:right" />
  <Parameter id="ColumnAlign" column="-10" level="7" subreport="0" value="eString:right" />
  <Parameter id="ColumnCaption" column="0" value="eString:text:CC" />
  <Parameter id="ColumnCaption" column="1" value="eString:text:Acc" />
  <Parameter id="ColumnCaption" column="2" value="eString:text:Debits" />
  <Parameter id="ColumnCaption" column="3" value="eString:text:Credits" />
  <Parameter id="ColumnCaption" column="4" value="eString:text:Narrative" />
  <Parameter id="ColumnCaption" column="5" value="eString:text:Start Balance" />
  <Parameter id="ColumnCaption" column="6" value="eString:text:End Balance" />
  <Parameter id="ColumnFormat" column="0" value="eString:text" />
  <Parameter id="ColumnFormat" column="1" value="eString:text" />
  <Parameter id="ColumnFormat" column="2" value="eString:#,##0.00; ; ; ;" />
  <Parameter id="ColumnFormat" column="3" value="eString: ; #,##0.00; ; ;" />
  <Parameter id="ColumnFormat" column="4" value="eString:text" />
  <Parameter id="ColumnFormat" column="5" value="eString:nothing" />
  <Parameter id="ColumnFormat" column="6" value="eString:nothing" />
  <Parameter id="ColumnFormat" column="2" level="1" subreport="0" value="eString:#,##0.00; ; ; " />
  <Parameter id="ColumnFormat" column="3" level="1" subreport="0" value="eString: ;#,##0.00;0.00; " />
  <Parameter id="ColumnFormat" column="2" level="2" subreport="0" value="eString:#,##0.00;#,##0.00;0.00;0.00" />
  <Parameter id="ColumnFormat" column="3" level="2" subreport="0" value="eString:#,##0.00;#,##0.00;0.00;0.00" />
  <Parameter id="ColumnFormat" column="5" level="2" subreport="0" value="eString:#,##0.00 CR;#,##0.00 DR;0.00; " />
  <Parameter id="ColumnFormat" column="6" level="2" subreport="0" value="eString:#,##0.00 CR;#,##0.00 DR;0.00; " />
  <Parameter id="ColumnFormat" column="2" level="3" subreport="0" value="eString:#,##0.00; ; ; " />
  <Parameter id="ColumnFormat" column="3" level="3" subreport="0" value="eString: ;#,##0.00;0.00; " />
  <Parameter id="ColumnFormat" column="2" level="4" subreport="0" value="eString:#,##0.00;#,##0.00;0.00;0.00" />
  <Parameter id="ColumnFormat" column="3" level="4" subreport="0" value="eString:#,##0.00;#,##0.00;0.00;0.00" />
  <Parameter id="ColumnFormat" column="5" level="4" subreport="0" value="eString:#,##0.00 CR;#,##0.00 DR;0.00; " />
  <Parameter id="ColumnFormat" column="6" level="4" subreport="0" value="eString:#,##0.00 CR;#,##0.00 DR;0.00; " />
  <Parameter id="ColumnFormat" column="2" level="5" subreport="0" value="eString:#,##0.00; ; ; " />
  <Parameter id="ColumnFormat" column="3" level="5" subreport="0" value="eString: ;#,##0.00;0.00; " />
  <Parameter id="ColumnFormat" column="2" level="6" subreport="0" value="eString:#,##0.00;#,##0.00;0.00;0.00" />
  <Parameter id="ColumnFormat" column="3" level="6" subreport="0" value="eString:#,##0.00;#,##0.00;0.00;0.00" />
  <Parameter id="ColumnFormat" column="5" level="6" subreport="0" value="eString:#,##0.00 CR;#,##0.00 DR;0.00; " />
  <Parameter id="ColumnFormat" column="6" level="6" subreport="0" value="eString:#,##0.00 CR;#,##0.00 DR;0.00; " />
  <Parameter id="ColumnPosition" column="0" value="eDecimal:0" />
  <Parameter id="ColumnPosition" column="1" value="eDecimal:4607182418800017408" />
  <Parameter id="ColumnPosition" column="2" value="eDecimal:4618441417868443648" />
  <Parameter id="ColumnPosition" column="3" value="eDecimal:4620693217682128896" />
  <Parameter id="ColumnPosition" column="4" value="eDecimal:4621819117588971520" />
  <Parameter id="ColumnPosition" column="5" value="eDecimal:4624633867356078080" />
  <Parameter id="ColumnPosition" column="6" value="eDecimal:4625478292286210048" />
  <Parameter id="ColumnPosition" column="112" value="eDecimal:4613937818241073152" />
  <Parameter id="ColumnPosition" column="-10" level="1" subreport="0" value="eDecimal:0" />
  <Parameter id="ColumnPosition" column="-10" level="2" subreport="0" value="eDecimal:0" />
  <Parameter id="ColumnPosition" column="-10" level="3" subreport="0" value="eDecimal:4612361558371493478" />
  <Parameter id="ColumnPosition" column="-10" level="4" subreport="0" value="eDecimal:4612361558371493478" />
  <Parameter id="ColumnPosition" column="-10" level="5" subreport="0" value="eDecimal:4612361558371493478" />
  <Parameter id="ColumnPosition" column="-14" level="6" subreport="0" value="eDecimal:4613937818241073152" />
  <Parameter id="ColumnPosition" column="-10" level="6" subreport="0" value="eDecimal:4612361558371493478" />
  <Parameter id="ColumnPosition" column="-10" level="7" subreport="0" value="eDecimal:4612361558371493478" />
  <Parameter id="ColumnPositionIndented" column="0" value="eInteger:0" />
  <Parameter id="ColumnPositionIndented" column="1" value="eInteger:0" />
  <Parameter id="ColumnPositionIndented" column="2" value="eInteger:0" />
  <Parameter id="ColumnPositionIndented" column="3" value="eInteger:0" />
  <Parameter id="ColumnPositionIndented" column="4" value="eInteger:0" />
  <Parameter id="ColumnPositionIndented" column="5" value="eInteger:0" />
  <Parameter id="ColumnPositionIndented" column="6" value="eInteger:0" />
  <Parameter id="ColumnWidth" column="0" value="eInteger:1" />
  <Parameter id="ColumnWidth" column="1" value="eInteger:1" />
  <Parameter id="ColumnWidth" column="2" value="eInteger:2" />
  <Parameter id="ColumnWidth" column="3" value="eInteger:2" />
  <Parameter id="ColumnWidth" column="4" value="eInteger:5" />
  <Parameter id="ColumnWidth" column="5" value="eInteger:2" />
  <Parameter id="ColumnWidth" column="6" value="eInteger:2" />
  <Parameter id="ColumnWidth" column="107" value="eDecimal:4619567317775286272" />
  <Parameter id="ColumnWidth" column="112" value="eDecimal:4619567317775286272" />
  <Parameter id="ColumnWidth" column="-10" level="1" subreport="0" value="eDecimal:4611686018427387904" />
  <Parameter id="ColumnWidth" column="-10" level="2" subreport="0" value="eDecimal:4611686018427387904" />
  <Parameter id="ColumnWidth" column="-10" level="3" subreport="0" value="eDecimal:4616189618054758400" />
  <Parameter id="ColumnWidth" column="-10" level="4" subreport="0" value="eDecimal:4616189618054758400" />
  <Parameter id="ColumnWidth" column="-10" level="5" subreport="0" value="eDecimal:4616189618054758400" />
  <Parameter id="ColumnWidth" column="-14" level="6" subreport="0" value="eDecimal:4620693217682128896" />
  <Parameter id="ColumnWidth" column="-10" level="6" subreport="0" value="eDecimal:4616189618054758400" />
  <Parameter id="ColumnWidth" column="-10" level="7" subreport="0" value="eDecimal:4616189618054758400" />
  <Parameter id="ControlSource" column="100" value="eString:Account Detail" />
  <Parameter id="ControlSource" column="101" value="eString:Germany" />
  <Parameter id="ControlSource" column="103" value="eComposite::&quot;&quot;&quot;eString:&quot;&quot;&quot;&quot;Period:  &quot;&quot;&quot;&quot;&quot;&quot;|&quot;&quot;eDateTime:&quot;&quot;&quot;&quot;2016-01-01T00:00:00&quot;&quot;&quot;&quot;&quot;&quot;|eString: To |&quot;&quot;eDateTime:&quot;&quot;&quot;&quot;2016-01-31T00:00:00&quot;&quot;&quot;&quot;&quot;&quot;|eString:   (|eInteger:1|eString: To |eInteger:1|eString:)    (CLOSED)&quot;" />
  <Parameter id="ControlSource" column="104" value="eString:&quot;    Cost Centre: 10100 To 10500&quot;" />
  <Parameter id="ControlSource" column="105" value="eString:&quot;Account: 0100 To 0100&quot;" />
  <Parameter id="ControlSource" column="106" value="eComposite::&quot;eString:Ledger |eInteger:43|eString:   Germany&quot;" />
  <Parameter id="ControlSource" column="107" value="eString:&quot;Currency: EUR Ordered by: Account&quot;" />
  <Parameter id="ControlSource" column="108" value="eComposite::&quot;eString:Current Period is |eInteger:{CurrentPeriod}&quot;" />
  <Parameter id="ControlSource" column="112" value="eString:Details" />
  <Parameter id="currentReport" value="eString:Account Detail" />
  <Parameter id="FullLineAbove" level="2" subreport="0" value="eBoolean:true" />
  <Parameter id="FullLineBelow" level="3" subreport="0" value="eBoolean:true" />
  <Parameter id="headerVISIBLE" level="6" subreport="0" value="eBoolean:true" />
  <Parameter id="indented" column="2" level="1" subreport="0" value="eBoolean:true" />
  <Parameter id="lowestLevel" level="-2" value="eInteger:7" />
  <Parameter id="MaxDisplayColumns" value="eInteger:7" />
  <Parameter id="param_account_code_end" value="eString:text:&quot;0100&quot;" />
  <Parameter id="param_account_code_start" value="eString:text:&quot;0100&quot;" />
  <Parameter id="param_account_codes" value="eString:*NOTUSED*" />
  <Parameter id="param_account_hierarchy_c" value="eString:STANDARD" />
  <Parameter id="param_account_list_title" value="eString:0100 To 0100" />
  <Parameter id="param_auto_email" value="eBoolean:false" />
  <Parameter id="param_calculation" column="0" value="eString:Transaction Cost Centre" />
  <Parameter id="param_calculation" column="1" value="eString:Transaction Account Code" />
  <Parameter id="param_calculation" column="2" value="eString:Debit" />
  <Parameter id="param_calculation" column="3" value="eString:Credit" />
  <Parameter id="param_calculation" column="4" value="eString:Transaction Narrative" />
  <Parameter id="param_calculation" column="5" value="eString:Start Balance" />
  <Parameter id="param_calculation" column="6" value="eString:End Balance" />
  <Parameter id="param_cost_centre_code_end" value="eString:text:10500" />
  <Parameter id="param_cost_centre_code_start" value="eString:text:10100" />
  <Parameter id="param_cost_centre_codes" value="eString:*NOTUSED*" />
  <Parameter id="param_cost_centre_list_title" value="eString:10100 To 10500" />
  <Parameter id="param_currency" value="eString:Base" />
  <Parameter id="param_currency_name" value="eString:EUR" />
  <Parameter id="param_current_financial_year" value="eBoolean:true" />
  <Parameter id="param_current_period" value="eInteger:6" />
  <Parameter id="param_date_checked" value="eBoolean:false" />
  <Parameter id="param_daterange" value="eString:false" />
  <Parameter id="param_depth" value="eString:standard" />
  <Parameter id="param_diff_period_i" value="eInteger:0" />
  <Parameter id="param_end_date" value="eDateTime:&quot;2016-01-31T00:00:00&quot;" />
  <Parameter id="param_end_period_i" value="eInteger:1" />
  <Parameter id="param_ledger_number_i" value="eInteger:43" />
  <Parameter id="param_paginate" value="eBoolean:false" />
  <Parameter id="param_period" value="eBoolean:true" />
  <Parameter id="param_period_breakdown" value="eBoolean:false" />
  <Parameter id="param_period_checked" value="eBoolean:true" />
  <Parameter id="param_quarter" value="eString:false" />
  <Parameter id="param_quarter_checked" value="eBoolean:false" />
  <Parameter id="param_real_year" value="eInteger:2016" />
  <Parameter id="param_real_year_ending" value="eString:31-Dez-2016" />
  <Parameter id="param_rgrAccounts" value="eString:AccountRange" />
  <Parameter id="param_rgrCostCentres" value="eString:CostCentreRange" />
  <Parameter id="param_sortby" value="eString:Account" />
  <Parameter id="param_start_date" value="eDateTime:&quot;2016-01-01T00:00:00&quot;" />
  <Parameter id="param_start_period_i" value="eInteger:1" />
  <Parameter id="param_with_analysis_attributes" value="eBoolean:false" />
  <Parameter id="param_year_i" value="eInteger:0" />
  <Parameter id="ReportWidth" value="eDecimal:4626041242239631360" />
  <Parameter id="SpaceLineBelow" level="5" subreport="0" value="eBoolean:true" />
  <Parameter id="xmlfiles" value="eString:Finance/accountdetail.xml,Finance/accountdetailcommon.xml,Finance/finance.xml,common.xml" />
</Parameters>