<html>
<head>
<meta charset="utf-8">
<title>OpenPetra Reports</title>
<link href="/css/report.css" rel="stylesheet">
</head>

<body>

<div id="head">
	<div class="title1">Trial Balance</div>
	<div class="title2">[getLedgerName(43)]</div>
	<div class="descr1"><!-- TODO --></div>
	<div class="descr2"><!-- TODO --></div>
	<div class="descr3"><!-- TODO --></div>
	<div class="period1"><!-- TODO --></div>

	<div class="period2">
		<div style='visibility:hidden'>Cost Centre: 10100 To 10500</div>
		<div style='visibility:hidden'>Cost Centres: *NOTUSED*</div>
	</div>
	<div class="period3"><!-- TODO --></div>
</div>





<div id="column_headings" class="row">
        <div class="col-2">Code</div>
        <div class="col-4">Name</div>
	<div class="col-1">Debit</div>
	<div class="col-1">Credit</div>
	<div class="col-2">End Balance</div>
</div>
<div class="row">
	<div class="col-12">
		<hr>
	</div>
</div>
<div id="content">
	
<div id="acccc0">
		<div class="row">
			<div class="col-2">10100-0100</div>
			<div class="col-4">GUYANA, Support Gifts: Local</div>
			<div class="col-1 currency">0.00</div>
			<div class="col-1 currency">2413.00</div>
			<div class="col-2 currency">30939.00</div>
		</div>
	</div><div id="acccc1">
		<div class="row">
			<div class="col-2">10200-0100</div>
			<div class="col-4">NIGERIA, Support Gifts: Local</div>
			<div class="col-1 currency">0.00</div>
			<div class="col-1 currency">7227.00</div>
			<div class="col-2 currency">121885.00</div>
		</div>
	</div><div id="acccc2">
		<div class="row">
			<div class="col-2">10300-0100</div>
			<div class="col-4">CAMBODIA, Support Gifts: Local</div>
			<div class="col-1 currency">0.00</div>
			<div class="col-1 currency">2247.00</div>
			<div class="col-2 currency">47182.00</div>
		</div>
	</div><div id="acccc3">
		<div class="row">
			<div class="col-2">10400-0100</div>
			<div class="col-4">EL SALVADOR, Support Gifts: Local</div>
			<div class="col-1 currency">0.00</div>
			<div class="col-1 currency">4828.00</div>
			<div class="col-2 currency">52681.00</div>
		</div>
	</div><div id="acccc4">
		<div class="row">
			<div class="col-2">10500-0100</div>
			<div class="col-4">TUNISIA, Support Gifts: Local</div>
			<div class="col-1 currency">0.00</div>
			<div class="col-1 currency">2177.00</div>
			<div class="col-2 currency">24846.00</div>
		</div>
	</div></div>

</body>
</html>
